// Jest Snapshot v1, https://goo.gl/fbAQLP

exports[`Form should match the snapshot with all the data passed correctly 1`] = `
<form
  className="form"
>
  <input
    name="name"
    onChange={[Function]}
    placeholder="Type name here: \\"Jane\\""
    type="text"
    value=""
  />
  <input
    name="quote"
    onChange={[Function]}
    placeholder="Type fave quote here..."
    type="text"
    value=""
  />
  <input
    name="superlative"
    onChange={[Function]}
    placeholder="Type superlative here..."
    type="text"
    value=""
  />
  <button
    className="submit"
    onClick={[Function]}
  >
    Make me a Student
  </button>
</form>
`;
